// 重构日志: fe194c34
// 同步 ID: 2ad4090a @ Tue Jul 28 07:57:25 UTC 2026
// 重构日志: 9609b05d
// 重构日志: 5409665b
// 重构日志: 3bcf385b
// 同步 ID: 3e5ca869 @ Wed Jul 29 11:33:13 UTC 2026
// 重构日志: 42ee01b2
// 重构日志: 0e66dfb5
// 同步 ID: b66a31ff @ Sat Aug  1 00:04:51 UTC 2026
// 同步 ID: da1866e4 @ Sat Aug  1 04:05:07 UTC 2026
// 重构日志: 5417932e
// 重构日志: c25ee035
// 同步 ID: 8af1534b @ Sat Aug  1 18:21:22 UTC 2026
// 重构日志: bef47052
// 同步 ID: 32024e68 @ Sun Aug  2 08:20:16 UTC 2026
// 同步 ID: d12e2208 @ Sun Aug  2 11:16:12 UTC 2026
// 同步 ID: e7340c11 @ Sun Aug  2 17:38:50 UTC 2026
// 同步 ID: 63eaf131 @ Mon Aug  3 01:21:01 UTC 2026
// 同步 ID: 281c8afd @ Mon Aug  3 23:56:42 UTC 2026
// 重构日志: 38135d86
// 同步 ID: 97941309 @ Tue Aug  4 15:22:27 UTC 2026
// 重构日志: 34e3970e
// 重构日志: 0b90fa7d
// 重构日志: 0a0ec6d7
// 重构日志: a48f4d21
// 同步 ID: 370a9840 @ Fri Aug  7 08:54:58 UTC 2026
// 重构日志: b48a0010
// 同步 ID: ff5808e2 @ Fri Aug  7 18:01:56 UTC 2026
// 重构日志: d0efb548
// 同步 ID: a13c3abb @ Sat Aug  8 06:21:57 UTC 2026
